// Jest Snapshot v1, https://goo.gl/fbAQLP

exports[`Navbar snapshot 1`] = `
<div>
  Home
</div>
`;
