// Jest Snapshot v1, https://goo.gl/fbAQLP

exports[`Single Question snapshot 1`] = `
<div>
  looding
</div>
`;
