// Jest Snapshot v1, https://goo.gl/fbAQLP

exports[`Initial test for Footer.jsx 1`] = `
<div
  className="container mx-auto justify-center grid md:grid-cols-1 lg:grid-cols-1"
>
  <h2
    className="mb-6 text-2xl font-semibold text-font-color"
  >
    Subscribe to Our Newsletter
  </h2>
  <form
    action="#"
    className="flex flex-col justify-self-center md:grid-cols-1 lg:grid-cols-1 xl:grid-cols-1 2xl:grid-cols-1 grid-cols-1"
    onReset={[Function]}
    onSubmit={[Function]}
  >
    <input
      className=" w-[312px] h-auto text-base font-semibold transition ease-in-out outline outline-1 outline-secondary-color rounded-md text-font-color px-2 py-2 mb-3 ml-[89px] text-center border-secondary-color"
      id="email"
      name="email"
      onBlur={[Function]}
      onChange={[Function]}
      placeholder="Your Email Address"
      type="email"
      value=""
    />
    <a
      className="w-[468px]"
      href="#"
    >
      <button
        className="w-[468px] h-auto text-base border border-transparent font-semibold text-white bg-primary-color hover:bg-white hover:text-primary-color hover:border-primary-color rounded-md px-5 py-3"
        type="submit"
      >
        Submit
      </button>
    </a>
  </form>
  <div
    className="grid lg:grid-cols-4 gap-4 mt-16"
  >
    <div
      className="grid md:grid-cols-2 lg:grid-cols-4 content-start"
    >
      <div
        className="flex flex-col"
      >
        <div
          className="w-[72px] h-[72px] rounded-full bg-gray-400 mr-96 ml-[10px]"
        />
        <div
          className="p-[10px] text-left text-base w-[300px] h-[200px] text-black"
        >
          Lorem ipsum dolor sit amet, consectetur adipiscing elit. Nulla in metus vel elit luctus luctus nec in arcu. Aliquam porttitor, sapien id hendrerit vestibulum, risus nulla accumsan libero, et convallis arcu nisl vitae justo. Etiam vel metus et mauris iaculis iaculis. Integer ut cursus ex.
        </div>
      </div>
    </div>
    <ul
      className="flex flex-col align-middle m-6"
    >
      <span
        className="p-1 font-semibold text-2xl"
      >
        Useful Links
      </span>
      <a
        className="mt-9 mb-3 inline-block"
        href="#!"
      >
        <li
          className="text-secondary-color text-base"
        >
          Lorem, ipsum...
        </li>
      </a>
      <a
        className="mt-9 mb-3 inline-block"
        href="#!"
      >
        <li
          className="text-secondary-color text-base"
        >
          Lorem, ipsum...
        </li>
      </a>
      <a
        className="mt-9 mb-3 inline-block"
        href="#!"
      >
        <li
          className="text-secondary-color text-base"
        >
          Lorem, ipsum...
        </li>
      </a>
    </ul>
    <ul
      className="flex flex-col align-middle m-6"
    >
      <span
        className="p-1 font-semibold text-2xl"
      >
        Useful Links
      </span>
      <a
        className="mt-9 mb-3 inline-block"
        href="#!"
      >
        <li
          className="text-secondary-color text-base"
        >
          Lorem, ipsum...
        </li>
      </a>
      <a
        className="mt-9 mb-3 inline-block"
        href="#!"
      >
        <li
          className="text-secondary-color text-base"
        >
          Lorem, ipsum...
        </li>
      </a>
      <a
        className="mt-9 mb-3 inline-block"
        href="#!"
      >
        <li
          className="text-secondary-color text-base"
        >
          Lorem, ipsum...
        </li>
      </a>
    </ul>
    <ul
      className="flex flex-col align-middle m-6"
    >
      <span
        className="p-1 font-semibold text-2xl"
      >
        Useful Links
      </span>
      <a
        className="mt-9 mb-3 inline-block"
        href="#!"
      >
        <li
          className="text-secondary-color text-base"
        >
          Lorem, ipsum...
        </li>
      </a>
      <a
        className="mt-9 mb-3 inline-block"
        href="#!"
      >
        <li
          className="text-secondary-color text-base"
        >
          Lorem, ipsum...
        </li>
      </a>
      <a
        className="mt-9 mb-3 inline-block"
        href="#!"
      >
        <li
          className="text-secondary-color text-base"
        >
          Lorem, ipsum...
        </li>
      </a>
    </ul>
  </div>
</div>
`;
