// Jest Snapshot v1, https://goo.gl/fbAQLP

exports[`Initial test 1`] = `
<form
  action="#"
  className="flex flex-col justify-self-center md:grid-cols-1 lg:grid-cols-1 xl:grid-cols-1 2xl:grid-cols-1 grid-cols-1"
  onReset={[Function]}
  onSubmit={[Function]}
>
  <input
    className=" w-[312px] h-auto text-base font-semibold transition ease-in-out outline outline-1 outline-secondary-color rounded-md text-font-color px-2 py-2 mb-3 ml-[89px] text-center border-secondary-color"
    id="email"
    name="email"
    onBlur={[Function]}
    onChange={[Function]}
    placeholder="Your Email Address"
    type="email"
    value=""
  />
  <a
    className="w-[468px]"
    href="#"
  >
    <button
      className="w-[468px] h-auto text-base border border-transparent font-semibold text-white bg-primary-color hover:bg-white hover:text-primary-color hover:border-primary-color rounded-md px-5 py-3"
      type="submit"
    >
      Submit
    </button>
  </a>
</form>
`;
